Loading statistics:
user	2.659e-06
sys	0
rss     5676 kB
After queries:
user	3.056e-06
sys	0
rss     5676 kB
Total time including destruction:
user	3.361e-06
sys	0
rss     1224 kB
